[INFO] Scanning for projects...
[INFO] 
[INFO] ----------------------< org.codejive:java-tproxy >----------------------
[INFO] Building Java Transparent Proxy 0.0.1-SNAPSHOT
[INFO]   from pom.xml
[INFO] --------------------------------[ jar ]---------------------------------
[INFO] 
[INFO] --- enforcer:3.6.2:enforce (enforce-java) @ java-tproxy ---
[INFO] Rule 0: org.apache.maven.enforcer.rules.version.RequireJavaVersion passed
[INFO] 
[INFO] --- resources:3.4.0:resources (default-resources) @ java-tproxy ---
[INFO] skip non existing resourceDirectory E:\Projects\java-tproxy\src\main\resources
[INFO] 
[INFO] --- compiler:3.15.0:compile (default-compile) @ java-tproxy ---
[INFO] Nothing to compile - all classes are up to date.
[INFO] 
[INFO] --- resources:3.4.0:testResources (default-testResources) @ java-tproxy ---
[INFO] Copying 0 resource from src\test\resources to target\test-classes
[INFO] 
[INFO] --- compiler:3.15.0:testCompile (default-testCompile) @ java-tproxy ---
[INFO] Recompiling the module because of changed source code.
[INFO] Compiling 6 source files with javac [debug release 21] to target\test-classes
[INFO] 
[INFO] --- surefire:3.5.5:test (default-test) @ java-tproxy ---
[INFO] Using auto detected provider org.apache.maven.surefire.junitplatform.JUnitPlatformProvider
[INFO] 
[INFO] -------------------------------------------------------
[INFO]  T E S T S
[INFO] -------------------------------------------------------
[INFO] Running Certificate Authority Tests
[main] INFO org.codejive.tproxy.CertificateAuthority - Generating new CA certificate
[main] INFO org.codejive.tproxy.CertificateAuthority - Saved CA keystore to C:\Users\tako\AppData\Local\Temp\junit14741222790609728252\tproxy-ca.p12
[main] INFO org.codejive.tproxy.CertificateAuthority - Exported CA certificate to C:\Users\tako\AppData\Local\Temp\junit14741222790609728252\tproxy-ca.crt (import this into your browser)
[main] INFO org.codejive.tproxy.CertificateAuthority - CA initialized: OU=Certificate Authority, O=TProxy, CN=TProxy CA
[main] INFO org.codejive.tproxy.CertificateAuthority - Generating new CA certificate
[main] INFO org.codejive.tproxy.CertificateAuthority - Saved CA keystore to C:\Users\tako\AppData\Local\Temp\junit14326632034462304685\tproxy-ca.p12
[main] INFO org.codejive.tproxy.CertificateAuthority - Exported CA certificate to C:\Users\tako\AppData\Local\Temp\junit14326632034462304685\tproxy-ca.crt (import this into your browser)
[main] INFO org.codejive.tproxy.CertificateAuthority - CA initialized: OU=Certificate Authority, O=TProxy, CN=TProxy CA
[main] INFO org.codejive.tproxy.CertificateAuthority - Generating new CA certificate
[main] INFO org.codejive.tproxy.CertificateAuthority - Saved CA keystore to C:\Users\tako\AppData\Local\Temp\junit6325552694472360910\tproxy-ca.p12
[main] INFO org.codejive.tproxy.CertificateAuthority - Exported CA certificate to C:\Users\tako\AppData\Local\Temp\junit6325552694472360910\tproxy-ca.crt (import this into your browser)
[main] INFO org.codejive.tproxy.CertificateAuthority - CA initialized: OU=Certificate Authority, O=TProxy, CN=TProxy CA
[main] INFO org.codejive.tproxy.CertificateAuthority - Loading existing CA from C:\Users\tako\AppData\Local\Temp\junit6325552694472360910\tproxy-ca.p12
[main] INFO org.codejive.tproxy.CertificateAuthority - CA initialized: OU=Certificate Authority, O=TProxy, CN=TProxy CA
[main] INFO org.codejive.tproxy.CertificateAuthority - Generating new CA certificate
[main] INFO org.codejive.tproxy.CertificateAuthority - Saved CA keystore to C:\Users\tako\AppData\Local\Temp\junit15754947365869367286\tproxy-ca.p12
[main] INFO org.codejive.tproxy.CertificateAuthority - Exported CA certificate to C:\Users\tako\AppData\Local\Temp\junit15754947365869367286\tproxy-ca.crt (import this into your browser)
[main] INFO org.codejive.tproxy.CertificateAuthority - CA initialized: OU=Certificate Authority, O=TProxy, CN=TProxy CA
[main] INFO org.codejive.tproxy.CertificateAuthority - Generating new CA certificate
[main] INFO org.codejive.tproxy.CertificateAuthority - Saved CA keystore to C:\Users\tako\AppData\Local\Temp\junit11077149701044809668\tproxy-ca.p12
[main] INFO org.codejive.tproxy.CertificateAuthority - Exported CA certificate to C:\Users\tako\AppData\Local\Temp\junit11077149701044809668\tproxy-ca.crt (import this into your browser)
[main] INFO org.codejive.tproxy.CertificateAuthority - CA initialized: OU=Certificate Authority, O=TProxy, CN=TProxy CA
[main] INFO org.codejive.tproxy.CertificateAuthority - Generating new CA certificate
[main] INFO org.codejive.tproxy.CertificateAuthority - Saved CA keystore to C:\Users\tako\AppData\Local\Temp\junit5022464677931305103\tproxy-ca.p12
[main] INFO org.codejive.tproxy.CertificateAuthority - Exported CA certificate to C:\Users\tako\AppData\Local\Temp\junit5022464677931305103\tproxy-ca.crt (import this into your browser)
[main] INFO org.codejive.tproxy.CertificateAuthority - CA initialized: OU=Certificate Authority, O=TProxy, CN=TProxy CA
[main] INFO org.codejive.tproxy.CertificateAuthority - Generating new CA certificate
[main] INFO org.codejive.tproxy.CertificateAuthority - Saved CA keystore to C:\Users\tako\AppData\Local\Temp\junit10784512303059246075\tproxy-ca.p12
[main] INFO org.codejive.tproxy.CertificateAuthority - Exported CA certificate to C:\Users\tako\AppData\Local\Temp\junit10784512303059246075\tproxy-ca.crt (import this into your browser)
[main] INFO org.codejive.tproxy.CertificateAuthority - CA initialized: OU=Certificate Authority, O=TProxy, CN=TProxy CA
[INFO] Tests run: 7, Failures: 0, Errors: 0, Skipped: 0, Time elapsed: 1.695 s -- in Certificate Authority Tests
[INFO] Running HTTP Proxy Integration Tests
[main] INFO org.eclipse.jetty.server.Server - jetty-11.0.24; built: 2024-08-26T18:11:22.448Z; git: 5dfc59a691b748796f922208956bd1f2794bcd16; jvm 21.0.9+10-LTS
[main] INFO org.eclipse.jetty.server.handler.ContextHandler - Started o.e.j.s.ServletContextHandler@5cbe2654{/__admin,null,AVAILABLE}
[main] INFO org.eclipse.jetty.server.handler.ContextHandler.ROOT - RequestHandlerClass from context returned com.github.tomakehurst.wiremock.http.StubRequestHandler. Normalized mapped under returned 'null'
[main] INFO org.eclipse.jetty.server.handler.ContextHandler - Started o.e.j.s.ServletContextHandler@3b4d50b{/,null,AVAILABLE}
[main] INFO org.eclipse.jetty.server.AbstractConnector - Started NetworkTrafficServerConnector@178270b2{HTTP/1.1, (http/1.1, h2c)}{127.0.0.1:9091}
[main] INFO org.eclipse.jetty.server.Server - Started Server@608bc8f8{STARTING}[11.0.24,sto=1000] @2594ms
[main] INFO org.codejive.tproxy.ProxyServer - Using standard ConnectHandler for HTTPS pass-through
[main] INFO org.eclipse.jetty.server.Server - jetty-11.0.24; built: 2024-08-26T18:11:22.448Z; git: 5dfc59a691b748796f922208956bd1f2794bcd16; jvm 21.0.9+10-LTS
[main] INFO org.eclipse.jetty.server.session.DefaultSessionIdManager - Session workerName=node0
[main] INFO org.eclipse.jetty.server.handler.ContextHandler - Started o.e.j.s.ServletContextHandler@17fa1336{/,null,AVAILABLE}
[main] INFO org.eclipse.jetty.server.AbstractConnector - Started ServerConnector@733aa9d8{HTTP/1.1, (http/1.1)}{127.0.0.1:8889}
[main] INFO org.eclipse.jetty.server.Server - Started Server@1305c126{STARTING}[11.0.24,sto=0] @2672ms
[main] INFO org.codejive.tproxy.ProxyServer - Proxy server started on port 8889
[main] INFO org.codejive.tproxy.HttpProxy - Proxy server started on port 8889 (HTTPS interception: disabled)
[main] INFO org.codejive.tproxy.HttpProxy - Executing request: GET http://127.0.0.1:9091/api/test
[main] INFO org.eclipse.jetty.server.Server - Stopped Server@1305c126{STOPPING}[11.0.24,sto=0]
[main] INFO org.eclipse.jetty.server.AbstractConnector - Stopped ServerConnector@733aa9d8{HTTP/1.1, (http/1.1)}{127.0.0.1:8889}
[main] INFO org.eclipse.jetty.server.handler.ContextHandler - Stopped o.e.j.s.ServletContextHandler@17fa1336{/,null,STOPPED}
[main] INFO org.codejive.tproxy.ProxyServer - Proxy server stopped
[main] INFO org.codejive.tproxy.HttpProxy - Proxy server stopped
[main] INFO org.eclipse.jetty.server.Server - Stopped Server@608bc8f8{STOPPING}[11.0.24,sto=1000]
[main] INFO org.eclipse.jetty.server.Server - Shutdown Server@608bc8f8{STOPPING}[11.0.24,sto=1000]
[main] INFO org.eclipse.jetty.server.AbstractConnector - Stopped NetworkTrafficServerConnector@178270b2{HTTP/1.1, (http/1.1, h2c)}{127.0.0.1:9091}
[main] INFO org.eclipse.jetty.server.handler.ContextHandler - Stopped o.e.j.s.ServletContextHandler@3b4d50b{/,null,STOPPED}
[main] INFO org.eclipse.jetty.server.handler.ContextHandler - Stopped o.e.j.s.ServletContextHandler@5cbe2654{/__admin,null,STOPPED}
[main] INFO org.eclipse.jetty.server.Server - jetty-11.0.24; built: 2024-08-26T18:11:22.448Z; git: 5dfc59a691b748796f922208956bd1f2794bcd16; jvm 21.0.9+10-LTS
[main] INFO org.eclipse.jetty.server.handler.ContextHandler - Started o.e.j.s.ServletContextHandler@4e682398{/__admin,null,AVAILABLE}
[main] INFO org.eclipse.jetty.server.handler.ContextHandler.ROOT - RequestHandlerClass from context returned com.github.tomakehurst.wiremock.http.StubRequestHandler. Normalized mapped under returned 'null'
[main] INFO org.eclipse.jetty.server.handler.ContextHandler - Started o.e.j.s.ServletContextHandler@670b3ca{/,null,AVAILABLE}
[main] INFO org.eclipse.jetty.server.AbstractConnector - Started NetworkTrafficServerConnector@257e0827{HTTP/1.1, (http/1.1, h2c)}{127.0.0.1:9091}
[main] INFO org.eclipse.jetty.server.Server - Started Server@d1d8e1a{STARTING}[11.0.24,sto=1000] @3041ms
[main] INFO org.codejive.tproxy.ProxyServer - Using standard ConnectHandler for HTTPS pass-through
[main] INFO org.eclipse.jetty.server.Server - jetty-11.0.24; built: 2024-08-26T18:11:22.448Z; git: 5dfc59a691b748796f922208956bd1f2794bcd16; jvm 21.0.9+10-LTS
[main] INFO org.eclipse.jetty.server.session.DefaultSessionIdManager - Session workerName=node0
[main] INFO org.eclipse.jetty.server.handler.ContextHandler - Started o.e.j.s.ServletContextHandler@79c5460e{/,null,AVAILABLE}
[main] INFO org.eclipse.jetty.server.AbstractConnector - Started ServerConnector@6c5ddccd{HTTP/1.1, (http/1.1)}{127.0.0.1:8889}
[main] INFO org.eclipse.jetty.server.Server - Started Server@7d0d91a1{STARTING}[11.0.24,sto=0] @3059ms
[main] INFO org.codejive.tproxy.ProxyServer - Proxy server started on port 8889
[main] INFO org.codejive.tproxy.HttpProxy - Proxy server started on port 8889 (HTTPS interception: disabled)
[main] INFO org.codejive.tproxy.HttpProxy - Executing request: POST http://127.0.0.1:9091/api/data
[main] INFO org.eclipse.jetty.server.Server - Stopped Server@7d0d91a1{STOPPING}[11.0.24,sto=0]
[main] INFO org.eclipse.jetty.server.AbstractConnector - Stopped ServerConnector@6c5ddccd{HTTP/1.1, (http/1.1)}{127.0.0.1:8889}
[main] INFO org.eclipse.jetty.server.handler.ContextHandler - Stopped o.e.j.s.ServletContextHandler@79c5460e{/,null,STOPPED}
[main] INFO org.codejive.tproxy.ProxyServer - Proxy server stopped
[main] INFO org.codejive.tproxy.HttpProxy - Proxy server stopped
[main] INFO org.eclipse.jetty.server.Server - Stopped Server@d1d8e1a{STOPPING}[11.0.24,sto=1000]
[main] INFO org.eclipse.jetty.server.Server - Shutdown Server@d1d8e1a{STOPPING}[11.0.24,sto=1000]
[main] INFO org.eclipse.jetty.server.AbstractConnector - Stopped NetworkTrafficServerConnector@257e0827{HTTP/1.1, (http/1.1, h2c)}{127.0.0.1:9091}
[main] INFO org.eclipse.jetty.server.handler.ContextHandler - Stopped o.e.j.s.ServletContextHandler@670b3ca{/,null,STOPPED}
[main] INFO org.eclipse.jetty.server.handler.ContextHandler - Stopped o.e.j.s.ServletContextHandler@4e682398{/__admin,null,STOPPED}
[main] INFO org.eclipse.jetty.server.Server - jetty-11.0.24; built: 2024-08-26T18:11:22.448Z; git: 5dfc59a691b748796f922208956bd1f2794bcd16; jvm 21.0.9+10-LTS
[main] INFO org.eclipse.jetty.server.handler.ContextHandler - Started o.e.j.s.ServletContextHandler@65e0b505{/__admin,null,AVAILABLE}
[main] INFO org.eclipse.jetty.server.handler.ContextHandler.ROOT - RequestHandlerClass from context returned com.github.tomakehurst.wiremock.http.StubRequestHandler. Normalized mapped under returned 'null'
[main] INFO org.eclipse.jetty.server.handler.ContextHandler - Started o.e.j.s.ServletContextHandler@67de7a99{/,null,AVAILABLE}
[main] INFO org.eclipse.jetty.server.AbstractConnector - Started NetworkTrafficServerConnector@642413d4{HTTP/1.1, (http/1.1, h2c)}{127.0.0.1:9091}
[main] INFO org.eclipse.jetty.server.Server - Started Server@767f6ee7{STARTING}[11.0.24,sto=1000] @3304ms
[main] INFO org.codejive.tproxy.ProxyServer - Using standard ConnectHandler for HTTPS pass-through
[main] INFO org.eclipse.jetty.server.Server - jetty-11.0.24; built: 2024-08-26T18:11:22.448Z; git: 5dfc59a691b748796f922208956bd1f2794bcd16; jvm 21.0.9+10-LTS
[main] INFO org.eclipse.jetty.server.session.DefaultSessionIdManager - Session workerName=node0
[main] INFO org.eclipse.jetty.server.handler.ContextHandler - Started o.e.j.s.ServletContextHandler@67cefd84{/,null,AVAILABLE}
[main] INFO org.eclipse.jetty.server.AbstractConnector - Started ServerConnector@65383667{HTTP/1.1, (http/1.1)}{127.0.0.1:8889}
[main] INFO org.eclipse.jetty.server.Server - Started Server@6deee370{STARTING}[11.0.24,sto=0] @3320ms
[main] INFO org.codejive.tproxy.ProxyServer - Proxy server started on port 8889
[main] INFO org.codejive.tproxy.HttpProxy - Proxy server started on port 8889 (HTTPS interception: disabled)
[main] INFO org.codejive.tproxy.HttpProxy - Executing request: GET http://127.0.0.1:9091/search?q=test+query&page=2
[main] INFO org.eclipse.jetty.server.Server - Stopped Server@6deee370{STOPPING}[11.0.24,sto=0]
[main] INFO org.eclipse.jetty.server.AbstractConnector - Stopped ServerConnector@65383667{HTTP/1.1, (http/1.1)}{127.0.0.1:8889}
[main] INFO org.eclipse.jetty.server.handler.ContextHandler - Stopped o.e.j.s.ServletContextHandler@67cefd84{/,null,STOPPED}
[main] INFO org.codejive.tproxy.ProxyServer - Proxy server stopped
[main] INFO org.codejive.tproxy.HttpProxy - Proxy server stopped
[main] INFO org.eclipse.jetty.server.Server - Stopped Server@767f6ee7{STOPPING}[11.0.24,sto=1000]
[main] INFO org.eclipse.jetty.server.Server - Shutdown Server@767f6ee7{STOPPING}[11.0.24,sto=1000]
[main] INFO org.eclipse.jetty.server.AbstractConnector - Stopped NetworkTrafficServerConnector@642413d4{HTTP/1.1, (http/1.1, h2c)}{127.0.0.1:9091}
[main] INFO org.eclipse.jetty.server.handler.ContextHandler - Stopped o.e.j.s.ServletContextHandler@67de7a99{/,null,STOPPED}
[main] INFO org.eclipse.jetty.server.handler.ContextHandler - Stopped o.e.j.s.ServletContextHandler@65e0b505{/__admin,null,STOPPED}
[main] INFO org.eclipse.jetty.server.Server - jetty-11.0.24; built: 2024-08-26T18:11:22.448Z; git: 5dfc59a691b748796f922208956bd1f2794bcd16; jvm 21.0.9+10-LTS
[main] INFO org.eclipse.jetty.server.handler.ContextHandler - Started o.e.j.s.ServletContextHandler@e146f93{/__admin,null,AVAILABLE}
[main] INFO org.eclipse.jetty.server.handler.ContextHandler.ROOT - RequestHandlerClass from context returned com.github.tomakehurst.wiremock.http.StubRequestHandler. Normalized mapped under returned 'null'
[main] INFO org.eclipse.jetty.server.handler.ContextHandler - Started o.e.j.s.ServletContextHandler@4bd5849e{/,null,AVAILABLE}
[main] INFO org.eclipse.jetty.server.AbstractConnector - Started NetworkTrafficServerConnector@4fb392c4{HTTP/1.1, (http/1.1, h2c)}{127.0.0.1:9091}
[main] INFO org.eclipse.jetty.server.Server - Started Server@46383a78{STARTING}[11.0.24,sto=1000] @3541ms
[main] INFO org.codejive.tproxy.ProxyServer - Using standard ConnectHandler for HTTPS pass-through
[main] INFO org.eclipse.jetty.server.Server - jetty-11.0.24; built: 2024-08-26T18:11:22.448Z; git: 5dfc59a691b748796f922208956bd1f2794bcd16; jvm 21.0.9+10-LTS
[main] INFO org.eclipse.jetty.server.session.DefaultSessionIdManager - Session workerName=node0
[main] INFO org.eclipse.jetty.server.handler.ContextHandler - Started o.e.j.s.ServletContextHandler@2be95d31{/,null,AVAILABLE}
[main] INFO org.eclipse.jetty.server.AbstractConnector - Started ServerConnector@536d97f8{HTTP/1.1, (http/1.1)}{127.0.0.1:8889}
[main] INFO org.eclipse.jetty.server.Server - Started Server@28f9fedd{STARTING}[11.0.24,sto=0] @3555ms
[main] INFO org.codejive.tproxy.ProxyServer - Proxy server started on port 8889
[main] INFO org.codejive.tproxy.HttpProxy - Proxy server started on port 8889 (HTTPS interception: disabled)
[main] INFO org.codejive.tproxy.HttpProxy - Executing request: GET http://127.0.0.1:9091/api/item
[main] INFO org.eclipse.jetty.server.Server - Stopped Server@28f9fedd{STOPPING}[11.0.24,sto=0]
[main] INFO org.eclipse.jetty.server.AbstractConnector - Stopped ServerConnector@536d97f8{HTTP/1.1, (http/1.1)}{127.0.0.1:8889}
[main] INFO org.eclipse.jetty.server.handler.ContextHandler - Stopped o.e.j.s.ServletContextHandler@2be95d31{/,null,STOPPED}
[main] INFO org.codejive.tproxy.ProxyServer - Proxy server stopped
[main] INFO org.codejive.tproxy.HttpProxy - Proxy server stopped
[main] INFO org.eclipse.jetty.server.Server - Stopped Server@46383a78{STOPPING}[11.0.24,sto=1000]
[main] INFO org.eclipse.jetty.server.Server - Shutdown Server@46383a78{STOPPING}[11.0.24,sto=1000]
[main] INFO org.eclipse.jetty.server.AbstractConnector - Stopped NetworkTrafficServerConnector@4fb392c4{HTTP/1.1, (http/1.1, h2c)}{127.0.0.1:9091}
[main] INFO org.eclipse.jetty.server.handler.ContextHandler - Stopped o.e.j.s.ServletContextHandler@4bd5849e{/,null,STOPPED}
[main] INFO org.eclipse.jetty.server.handler.ContextHandler - Stopped o.e.j.s.ServletContextHandler@e146f93{/__admin,null,STOPPED}
[main] INFO org.eclipse.jetty.server.Server - jetty-11.0.24; built: 2024-08-26T18:11:22.448Z; git: 5dfc59a691b748796f922208956bd1f2794bcd16; jvm 21.0.9+10-LTS
[main] INFO org.eclipse.jetty.server.handler.ContextHandler - Started o.e.j.s.ServletContextHandler@4d3c6593{/__admin,null,AVAILABLE}
[main] INFO org.eclipse.jetty.server.handler.ContextHandler.ROOT - RequestHandlerClass from context returned com.github.tomakehurst.wiremock.http.StubRequestHandler. Normalized mapped under returned 'null'
[main] INFO org.eclipse.jetty.server.handler.ContextHandler - Started o.e.j.s.ServletContextHandler@7426a448{/,null,AVAILABLE}
[main] INFO org.eclipse.jetty.server.AbstractConnector - Started NetworkTrafficServerConnector@77ab22be{HTTP/1.1, (http/1.1, h2c)}{127.0.0.1:9091}
[main] INFO org.eclipse.jetty.server.Server - Started Server@3d19d85{STARTING}[11.0.24,sto=1000] @3777ms
[main] INFO org.codejive.tproxy.ProxyServer - Using standard ConnectHandler for HTTPS pass-through
[main] INFO org.eclipse.jetty.server.Server - jetty-11.0.24; built: 2024-08-26T18:11:22.448Z; git: 5dfc59a691b748796f922208956bd1f2794bcd16; jvm 21.0.9+10-LTS
[main] INFO org.eclipse.jetty.server.session.DefaultSessionIdManager - Session workerName=node0
[main] INFO org.eclipse.jetty.server.handler.ContextHandler - Started o.e.j.s.ServletContextHandler@7c3e4b1a{/,null,AVAILABLE}
[main] INFO org.eclipse.jetty.server.AbstractConnector - Started ServerConnector@47b11ec7{HTTP/1.1, (http/1.1)}{127.0.0.1:8889}
[main] INFO org.eclipse.jetty.server.Server - Started Server@4ee25d80{STARTING}[11.0.24,sto=0] @3790ms
[main] INFO org.codejive.tproxy.ProxyServer - Proxy server started on port 8889
[main] INFO org.codejive.tproxy.HttpProxy - Proxy server started on port 8889 (HTTPS interception: disabled)
[main] INFO org.codejive.tproxy.HttpProxy - Executing request: GET http://127.0.0.1:9091/api/test
[main] INFO org.eclipse.jetty.server.Server - Stopped Server@4ee25d80{STOPPING}[11.0.24,sto=0]
[main] INFO org.eclipse.jetty.server.AbstractConnector - Stopped ServerConnector@47b11ec7{HTTP/1.1, (http/1.1)}{127.0.0.1:8889}
[main] INFO org.eclipse.jetty.server.handler.ContextHandler - Stopped o.e.j.s.ServletContextHandler@7c3e4b1a{/,null,STOPPED}
[main] INFO org.codejive.tproxy.ProxyServer - Proxy server stopped
[main] INFO org.codejive.tproxy.HttpProxy - Proxy server stopped
[main] INFO org.eclipse.jetty.server.Server - Stopped Server@3d19d85{STOPPING}[11.0.24,sto=1000]
[main] INFO org.eclipse.jetty.server.Server - Shutdown Server@3d19d85{STOPPING}[11.0.24,sto=1000]
[main] INFO org.eclipse.jetty.server.AbstractConnector - Stopped NetworkTrafficServerConnector@77ab22be{HTTP/1.1, (http/1.1, h2c)}{127.0.0.1:9091}
[main] INFO org.eclipse.jetty.server.handler.ContextHandler - Stopped o.e.j.s.ServletContextHandler@7426a448{/,null,STOPPED}
[main] INFO org.eclipse.jetty.server.handler.ContextHandler - Stopped o.e.j.s.ServletContextHandler@4d3c6593{/__admin,null,STOPPED}
[main] INFO org.eclipse.jetty.server.Server - jetty-11.0.24; built: 2024-08-26T18:11:22.448Z; git: 5dfc59a691b748796f922208956bd1f2794bcd16; jvm 21.0.9+10-LTS
[main] INFO org.eclipse.jetty.server.handler.ContextHandler - Started o.e.j.s.ServletContextHandler@4ed4a7e4{/__admin,null,AVAILABLE}
[main] INFO org.eclipse.jetty.server.handler.ContextHandler.ROOT - RequestHandlerClass from context returned com.github.tomakehurst.wiremock.http.StubRequestHandler. Normalized mapped under returned 'null'
[main] INFO org.eclipse.jetty.server.handler.ContextHandler - Started o.e.j.s.ServletContextHandler@1c7350b0{/,null,AVAILABLE}
[main] INFO org.eclipse.jetty.server.AbstractConnector - Started NetworkTrafficServerConnector@7cca01a8{HTTP/1.1, (http/1.1, h2c)}{127.0.0.1:9091}
[main] INFO org.eclipse.jetty.server.Server - Started Server@29b40b3{STARTING}[11.0.24,sto=1000] @4021ms
[main] INFO org.codejive.tproxy.ProxyServer - Using standard ConnectHandler for HTTPS pass-through
[main] INFO org.eclipse.jetty.server.Server - jetty-11.0.24; built: 2024-08-26T18:11:22.448Z; git: 5dfc59a691b748796f922208956bd1f2794bcd16; jvm 21.0.9+10-LTS
[main] INFO org.eclipse.jetty.server.session.DefaultSessionIdManager - Session workerName=node0
[main] INFO org.eclipse.jetty.server.handler.ContextHandler - Started o.e.j.s.ServletContextHandler@795f8317{/,null,AVAILABLE}
[main] INFO org.eclipse.jetty.server.AbstractConnector - Started ServerConnector@43bdaa1b{HTTP/1.1, (http/1.1)}{127.0.0.1:8889}
[main] INFO org.eclipse.jetty.server.Server - Started Server@2a334bac{STARTING}[11.0.24,sto=0] @4035ms
[main] INFO org.codejive.tproxy.ProxyServer - Proxy server started on port 8889
[main] INFO org.codejive.tproxy.HttpProxy - Proxy server started on port 8889 (HTTPS interception: disabled)
[main] INFO org.codejive.tproxy.HttpProxy - Executing request: GET http://127.0.0.1:9091/api/test
[main] INFO org.eclipse.jetty.server.Server - Stopped Server@2a334bac{STOPPING}[11.0.24,sto=0]
[main] INFO org.eclipse.jetty.server.AbstractConnector - Stopped ServerConnector@43bdaa1b{HTTP/1.1, (http/1.1)}{127.0.0.1:8889}
[main] INFO org.eclipse.jetty.server.handler.ContextHandler - Stopped o.e.j.s.ServletContextHandler@795f8317{/,null,STOPPED}
[main] INFO org.codejive.tproxy.ProxyServer - Proxy server stopped
[main] INFO org.codejive.tproxy.HttpProxy - Proxy server stopped
[main] INFO org.eclipse.jetty.server.Server - Stopped Server@29b40b3{STOPPING}[11.0.24,sto=1000]
[main] INFO org.eclipse.jetty.server.Server - Shutdown Server@29b40b3{STOPPING}[11.0.24,sto=1000]
[main] INFO org.eclipse.jetty.server.AbstractConnector - Stopped NetworkTrafficServerConnector@7cca01a8{HTTP/1.1, (http/1.1, h2c)}{127.0.0.1:9091}
[main] INFO org.eclipse.jetty.server.handler.ContextHandler - Stopped o.e.j.s.ServletContextHandler@1c7350b0{/,null,STOPPED}
[main] INFO org.eclipse.jetty.server.handler.ContextHandler - Stopped o.e.j.s.ServletContextHandler@4ed4a7e4{/__admin,null,STOPPED}
[main] INFO org.eclipse.jetty.server.Server - jetty-11.0.24; built: 2024-08-26T18:11:22.448Z; git: 5dfc59a691b748796f922208956bd1f2794bcd16; jvm 21.0.9+10-LTS
[main] INFO org.eclipse.jetty.server.handler.ContextHandler - Started o.e.j.s.ServletContextHandler@2e766822{/__admin,null,AVAILABLE}
[main] INFO org.eclipse.jetty.server.handler.ContextHandler.ROOT - RequestHandlerClass from context returned com.github.tomakehurst.wiremock.http.StubRequestHandler. Normalized mapped under returned 'null'
[main] INFO org.eclipse.jetty.server.handler.ContextHandler - Started o.e.j.s.ServletContextHandler@3003e580{/,null,AVAILABLE}
[main] INFO org.eclipse.jetty.server.AbstractConnector - Started NetworkTrafficServerConnector@673c4f6e{HTTP/1.1, (http/1.1, h2c)}{127.0.0.1:9091}
[main] INFO org.eclipse.jetty.server.Server - Started Server@5dc0ff7d{STARTING}[11.0.24,sto=1000] @4254ms
[main] INFO org.codejive.tproxy.ProxyServer - Using standard ConnectHandler for HTTPS pass-through
[main] INFO org.eclipse.jetty.server.Server - jetty-11.0.24; built: 2024-08-26T18:11:22.448Z; git: 5dfc59a691b748796f922208956bd1f2794bcd16; jvm 21.0.9+10-LTS
[main] INFO org.eclipse.jetty.server.session.DefaultSessionIdManager - Session workerName=node0
[main] INFO org.eclipse.jetty.server.handler.ContextHandler - Started o.e.j.s.ServletContextHandler@167381c7{/,null,AVAILABLE}
[main] INFO org.eclipse.jetty.server.AbstractConnector - Started ServerConnector@5f174dd2{HTTP/1.1, (http/1.1)}{127.0.0.1:8889}
[main] INFO org.eclipse.jetty.server.Server - Started Server@697173d9{STARTING}[11.0.24,sto=0] @4267ms
[main] INFO org.codejive.tproxy.ProxyServer - Proxy server started on port 8889
[main] INFO org.codejive.tproxy.HttpProxy - Proxy server started on port 8889 (HTTPS interception: disabled)
[main] INFO org.codejive.tproxy.HttpProxy - Executing request: PUT http://127.0.0.1:9091/resource
[main] INFO org.codejive.tproxy.HttpProxy - Executing request: DELETE http://127.0.0.1:9091/resource
[main] INFO org.codejive.tproxy.HttpProxy - Executing request: PATCH http://127.0.0.1:9091/resource
[main] INFO org.eclipse.jetty.server.Server - Stopped Server@697173d9{STOPPING}[11.0.24,sto=0]
[main] INFO org.eclipse.jetty.server.AbstractConnector - Stopped ServerConnector@5f174dd2{HTTP/1.1, (http/1.1)}{127.0.0.1:8889}
[main] INFO org.eclipse.jetty.server.handler.ContextHandler - Stopped o.e.j.s.ServletContextHandler@167381c7{/,null,STOPPED}
[main] INFO org.codejive.tproxy.ProxyServer - Proxy server stopped
[main] INFO org.codejive.tproxy.HttpProxy - Proxy server stopped
[main] INFO org.eclipse.jetty.server.Server - Stopped Server@5dc0ff7d{STOPPING}[11.0.24,sto=1000]
[main] INFO org.eclipse.jetty.server.Server - Shutdown Server@5dc0ff7d{STOPPING}[11.0.24,sto=1000]
[main] INFO org.eclipse.jetty.server.AbstractConnector - Stopped NetworkTrafficServerConnector@673c4f6e{HTTP/1.1, (http/1.1, h2c)}{127.0.0.1:9091}
[main] INFO org.eclipse.jetty.server.handler.ContextHandler - Stopped o.e.j.s.ServletContextHandler@3003e580{/,null,STOPPED}
[main] INFO org.eclipse.jetty.server.handler.ContextHandler - Stopped o.e.j.s.ServletContextHandler@2e766822{/__admin,null,STOPPED}
[main] INFO org.eclipse.jetty.server.Server - jetty-11.0.24; built: 2024-08-26T18:11:22.448Z; git: 5dfc59a691b748796f922208956bd1f2794bcd16; jvm 21.0.9+10-LTS
[main] INFO org.eclipse.jetty.server.handler.ContextHandler - Started o.e.j.s.ServletContextHandler@360e9c06{/__admin,null,AVAILABLE}
[main] INFO org.eclipse.jetty.server.handler.ContextHandler.ROOT - RequestHandlerClass from context returned com.github.tomakehurst.wiremock.http.StubRequestHandler. Normalized mapped under returned 'null'
[main] INFO org.eclipse.jetty.server.handler.ContextHandler - Started o.e.j.s.ServletContextHandler@5ebffb44{/,null,AVAILABLE}
[main] INFO org.eclipse.jetty.server.AbstractConnector - Started NetworkTrafficServerConnector@3134153d{HTTP/1.1, (http/1.1, h2c)}{127.0.0.1:9091}
[main] INFO org.eclipse.jetty.server.Server - Started Server@2b2954e1{STARTING}[11.0.24,sto=1000] @4496ms
[main] INFO org.codejive.tproxy.ProxyServer - Using standard ConnectHandler for HTTPS pass-through
[main] INFO org.eclipse.jetty.server.Server - jetty-11.0.24; built: 2024-08-26T18:11:22.448Z; git: 5dfc59a691b748796f922208956bd1f2794bcd16; jvm 21.0.9+10-LTS
[main] INFO org.eclipse.jetty.server.session.DefaultSessionIdManager - Session workerName=node0
[main] INFO org.eclipse.jetty.server.handler.ContextHandler - Started o.e.j.s.ServletContextHandler@62d1dc3c{/,null,AVAILABLE}
[main] INFO org.eclipse.jetty.server.AbstractConnector - Started ServerConnector@7e307087{HTTP/1.1, (http/1.1)}{127.0.0.1:8889}
[main] INFO org.eclipse.jetty.server.Server - Started Server@234cff57{STARTING}[11.0.24,sto=0] @4510ms
[main] INFO org.codejive.tproxy.ProxyServer - Proxy server started on port 8889
[main] INFO org.codejive.tproxy.HttpProxy - Proxy server started on port 8889 (HTTPS interception: disabled)
[main] INFO org.codejive.tproxy.HttpProxy - Executing request: GET http://127.0.0.1:9091/not-found
[main] INFO org.codejive.tproxy.HttpProxy - Executing request: GET http://127.0.0.1:9091/server-error
[main] INFO org.eclipse.jetty.server.Server - Stopped Server@234cff57{STOPPING}[11.0.24,sto=0]
[main] INFO org.eclipse.jetty.server.AbstractConnector - Stopped ServerConnector@7e307087{HTTP/1.1, (http/1.1)}{127.0.0.1:8889}
[main] INFO org.eclipse.jetty.server.handler.ContextHandler - Stopped o.e.j.s.ServletContextHandler@62d1dc3c{/,null,STOPPED}
[main] INFO org.codejive.tproxy.ProxyServer - Proxy server stopped
[main] INFO org.codejive.tproxy.HttpProxy - Proxy server stopped
[main] INFO org.eclipse.jetty.server.Server - Stopped Server@2b2954e1{STOPPING}[11.0.24,sto=1000]
[main] INFO org.eclipse.jetty.server.Server - Shutdown Server@2b2954e1{STOPPING}[11.0.24,sto=1000]
[main] INFO org.eclipse.jetty.server.AbstractConnector - Stopped NetworkTrafficServerConnector@3134153d{HTTP/1.1, (http/1.1, h2c)}{127.0.0.1:9091}
[main] INFO org.eclipse.jetty.server.handler.ContextHandler - Stopped o.e.j.s.ServletContextHandler@5ebffb44{/,null,STOPPED}
[main] INFO org.eclipse.jetty.server.handler.ContextHandler - Stopped o.e.j.s.ServletContextHandler@360e9c06{/__admin,null,STOPPED}
[INFO] Tests run: 8, Failures: 0, Errors: 0, Skipped: 0, Time elapsed: 2.609 s -- in HTTP Proxy Integration Tests
[INFO] Running HTTP Proxy Core Tests
[main] INFO org.codejive.tproxy.HttpProxy - Executing request: GET http://example.com/test
[main] INFO org.codejive.tproxy.HttpProxy - Executing request: GET http://example.com/test
[main] INFO org.codejive.tproxy.ProxyServer - Using standard ConnectHandler for HTTPS pass-through
[main] INFO org.eclipse.jetty.server.Server - jetty-11.0.24; built: 2024-08-26T18:11:22.448Z; git: 5dfc59a691b748796f922208956bd1f2794bcd16; jvm 21.0.9+10-LTS
[main] INFO org.eclipse.jetty.server.session.DefaultSessionIdManager - Session workerName=node0
[main] INFO org.eclipse.jetty.server.handler.ContextHandler - Started o.e.j.s.ServletContextHandler@72503b19{/,null,AVAILABLE}
[main] INFO org.eclipse.jetty.server.AbstractConnector - Started ServerConnector@118dcbbd{HTTP/1.1, (http/1.1)}{127.0.0.1:8888}
[main] INFO org.eclipse.jetty.server.Server - Started Server@49cb1baf{STARTING}[11.0.24,sto=0] @4749ms
[main] INFO org.codejive.tproxy.ProxyServer - Proxy server started on port 8888
[main] INFO org.codejive.tproxy.HttpProxy - Proxy server started on port 8888 (HTTPS interception: disabled)
[main] INFO org.eclipse.jetty.server.Server - Stopped Server@49cb1baf{STOPPING}[11.0.24,sto=0]
[main] INFO org.eclipse.jetty.server.AbstractConnector - Stopped ServerConnector@118dcbbd{HTTP/1.1, (http/1.1)}{127.0.0.1:8888}
[main] INFO org.eclipse.jetty.server.handler.ContextHandler - Stopped o.e.j.s.ServletContextHandler@72503b19{/,null,STOPPED}
[main] INFO org.codejive.tproxy.ProxyServer - Proxy server stopped
[main] INFO org.codejive.tproxy.HttpProxy - Proxy server stopped
[main] INFO org.codejive.tproxy.HttpProxy - Executing request: GET http://example.com/test
[main] INFO org.codejive.tproxy.HttpProxy - Executing request: POST http://example.com/api
[INFO] Tests run: 8, Failures: 0, Errors: 0, Skipped: 0, Time elapsed: 0.131 s -- in HTTP Proxy Core Tests
[INFO] Running HTTPS Interception (MITM) Tests
[main] INFO org.eclipse.jetty.server.Server - jetty-11.0.24; built: 2024-08-26T18:11:22.448Z; git: 5dfc59a691b748796f922208956bd1f2794bcd16; jvm 21.0.9+10-LTS
[main] INFO org.eclipse.jetty.server.handler.ContextHandler - Started o.e.j.s.ServletContextHandler@7affc159{/__admin,null,AVAILABLE}
[main] INFO org.eclipse.jetty.server.handler.ContextHandler.ROOT - RequestHandlerClass from context returned com.github.tomakehurst.wiremock.http.StubRequestHandler. Normalized mapped under returned 'null'
[main] INFO org.eclipse.jetty.server.handler.ContextHandler - Started o.e.j.s.ServletContextHandler@1682c08c{/,null,AVAILABLE}
[main] INFO org.eclipse.jetty.server.AbstractConnector - Started NetworkTrafficServerConnector@1756f7cc{HTTP/1.1, (http/1.1, h2c)}{localhost:8080}
[main] INFO org.eclipse.jetty.util.ssl.SslContextFactory - x509=X509@6d33a66e(wiremock,h=[tom akehurst],a=[],w=[]) for Server@2f14b0f6[provider=null,keyStore=null,trustStore=null]
[main] INFO org.eclipse.jetty.server.AbstractConnector - Started NetworkTrafficServerConnector@a83495d{SSL, (ssl, alpn, h2, http/1.1)}{localhost:9444}
[main] INFO org.eclipse.jetty.server.Server - Started Server@e111c7c{STARTING}[11.0.24,sto=1000] @4882ms
[main] INFO org.codejive.tproxy.HttpProxy - HTTPS interception enabled
[main] INFO org.codejive.tproxy.HttpProxy - Creating Certificate Authority for HTTPS interception
[main] INFO org.codejive.tproxy.CertificateAuthority - Generating new CA certificate
[main] INFO org.codejive.tproxy.CertificateAuthority - Saved CA keystore to C:\Users\tako\AppData\Local\Temp\junit11829639492294515936\tproxy-ca.p12
[main] INFO org.codejive.tproxy.CertificateAuthority - Exported CA certificate to C:\Users\tako\AppData\Local\Temp\junit11829639492294515936\tproxy-ca.crt (import this into your browser)
[main] INFO org.codejive.tproxy.CertificateAuthority - CA initialized: OU=Certificate Authority, O=TProxy, CN=TProxy CA
[main] INFO org.codejive.tproxy.ProxyServer - Using InterceptingConnectHandler for HTTPS MITM
[main] INFO org.eclipse.jetty.server.Server - jetty-11.0.24; built: 2024-08-26T18:11:22.448Z; git: 5dfc59a691b748796f922208956bd1f2794bcd16; jvm 21.0.9+10-LTS
[main] INFO org.eclipse.jetty.server.session.DefaultSessionIdManager - Session workerName=node0
[main] INFO org.eclipse.jetty.server.handler.ContextHandler - Started o.e.j.s.ServletContextHandler@2ffb3aec{/,null,AVAILABLE}
[main] INFO org.eclipse.jetty.server.AbstractConnector - Started ServerConnector@7c37f145{HTTP/1.1, (http/1.1)}{127.0.0.1:8891}
[main] INFO org.eclipse.jetty.server.AbstractConnector - Started ServerConnector@5b5dce5c{SSL, (ssl, http/1.1)}{127.0.0.1:11572}
[main] INFO org.eclipse.jetty.server.Server - Started Server@3a2e9f5b{STARTING}[11.0.24,sto=0] @4966ms
[main] INFO org.codejive.tproxy.ProxyServer - Proxy server started on port 8891
[main] INFO org.codejive.tproxy.HttpProxy - Proxy server started on port 8891 (HTTPS interception: enabled)
[] INFO org.codejive.tproxy.HttpProxy - Executing request: GET https://localhost:9444/api/data
[main] INFO org.eclipse.jetty.server.Server - Stopped Server@3a2e9f5b{STOPPING}[11.0.24,sto=0]
[main] INFO org.eclipse.jetty.server.AbstractConnector - Stopped ServerConnector@7c37f145{HTTP/1.1, (http/1.1)}{127.0.0.1:8891}
[main] INFO org.eclipse.jetty.server.AbstractConnector - Stopped ServerConnector@5b5dce5c{SSL, (ssl, http/1.1)}{127.0.0.1:0}
[main] INFO org.eclipse.jetty.server.handler.ContextHandler - Stopped o.e.j.s.ServletContextHandler@2ffb3aec{/,null,STOPPED}
[main] INFO org.codejive.tproxy.ProxyServer - Proxy server stopped
[main] INFO org.codejive.tproxy.HttpProxy - Proxy server stopped
[main] INFO org.eclipse.jetty.server.Server - Stopped Server@e111c7c{STOPPING}[11.0.24,sto=1000]
[main] INFO org.eclipse.jetty.server.Server - Shutdown Server@e111c7c{STOPPING}[11.0.24,sto=1000]
[main] INFO org.eclipse.jetty.server.AbstractConnector - Stopped NetworkTrafficServerConnector@1756f7cc{HTTP/1.1, (http/1.1, h2c)}{localhost:8080}
[main] INFO org.eclipse.jetty.server.AbstractConnector - Stopped NetworkTrafficServerConnector@a83495d{SSL, (ssl, alpn, h2, http/1.1)}{localhost:9444}
[main] INFO org.eclipse.jetty.server.handler.ContextHandler - Stopped o.e.j.s.ServletContextHandler@1682c08c{/,null,STOPPED}
[main] INFO org.eclipse.jetty.server.handler.ContextHandler - Stopped o.e.j.s.ServletContextHandler@7affc159{/__admin,null,STOPPED}
[main] INFO org.eclipse.jetty.server.Server - jetty-11.0.24; built: 2024-08-26T18:11:22.448Z; git: 5dfc59a691b748796f922208956bd1f2794bcd16; jvm 21.0.9+10-LTS
[main] INFO org.eclipse.jetty.server.handler.ContextHandler - Started o.e.j.s.ServletContextHandler@4bdf{/__admin,null,AVAILABLE}
[main] INFO org.eclipse.jetty.server.handler.ContextHandler.ROOT - RequestHandlerClass from context returned com.github.tomakehurst.wiremock.http.StubRequestHandler. Normalized mapped under returned 'null'
[main] INFO org.eclipse.jetty.server.handler.ContextHandler - Started o.e.j.s.ServletContextHandler@4cad79bc{/,null,AVAILABLE}
[main] INFO org.eclipse.jetty.server.AbstractConnector - Started NetworkTrafficServerConnector@45ab3bdd{HTTP/1.1, (http/1.1, h2c)}{localhost:8080}
[main] INFO org.eclipse.jetty.util.ssl.SslContextFactory - x509=X509@64942607(wiremock,h=[tom akehurst],a=[],w=[]) for Server@d48e998[provider=null,keyStore=null,trustStore=null]
[main] INFO org.eclipse.jetty.server.AbstractConnector - Started NetworkTrafficServerConnector@64e1377c{SSL, (ssl, alpn, h2, http/1.1)}{localhost:9444}
[main] INFO org.eclipse.jetty.server.Server - Started Server@77f991c{STARTING}[11.0.24,sto=1000] @6020ms
[main] INFO org.codejive.tproxy.HttpProxy - HTTPS interception enabled
[main] INFO org.codejive.tproxy.HttpProxy - Creating Certificate Authority for HTTPS interception
[main] INFO org.codejive.tproxy.CertificateAuthority - Generating new CA certificate
[main] INFO org.codejive.tproxy.CertificateAuthority - Saved CA keystore to C:\Users\tako\AppData\Local\Temp\junit13266512061445132105\tproxy-ca.p12
[main] INFO org.codejive.tproxy.CertificateAuthority - Exported CA certificate to C:\Users\tako\AppData\Local\Temp\junit13266512061445132105\tproxy-ca.crt (import this into your browser)
[main] INFO org.codejive.tproxy.CertificateAuthority - CA initialized: OU=Certificate Authority, O=TProxy, CN=TProxy CA
[main] INFO org.codejive.tproxy.ProxyServer - Using InterceptingConnectHandler for HTTPS MITM
[main] INFO org.eclipse.jetty.server.Server - jetty-11.0.24; built: 2024-08-26T18:11:22.448Z; git: 5dfc59a691b748796f922208956bd1f2794bcd16; jvm 21.0.9+10-LTS
[main] INFO org.eclipse.jetty.server.session.DefaultSessionIdManager - Session workerName=node0
[main] INFO org.eclipse.jetty.server.handler.ContextHandler - Started o.e.j.s.ServletContextHandler@999b951{/,null,AVAILABLE}
[main] INFO org.eclipse.jetty.server.AbstractConnector - Started ServerConnector@69d3cf7e{HTTP/1.1, (http/1.1)}{127.0.0.1:8891}
[main] INFO org.eclipse.jetty.server.AbstractConnector - Started ServerConnector@39f5b723{SSL, (ssl, http/1.1)}{127.0.0.1:11576}
[main] INFO org.eclipse.jetty.server.Server - Started Server@3af58f76{STARTING}[11.0.24,sto=0] @6147ms
[main] INFO org.codejive.tproxy.ProxyServer - Proxy server started on port 8891
[main] INFO org.codejive.tproxy.HttpProxy - Proxy server started on port 8891 (HTTPS interception: enabled)
[] INFO org.codejive.tproxy.HttpProxy - Executing request: POST https://localhost:9444/api/submit
[main] INFO org.eclipse.jetty.server.Server - Stopped Server@3af58f76{STOPPING}[11.0.24,sto=0]
[main] INFO org.eclipse.jetty.server.AbstractConnector - Stopped ServerConnector@69d3cf7e{HTTP/1.1, (http/1.1)}{127.0.0.1:8891}
[main] INFO org.eclipse.jetty.server.AbstractConnector - Stopped ServerConnector@39f5b723{SSL, (ssl, http/1.1)}{127.0.0.1:0}
[main] INFO org.eclipse.jetty.server.handler.ContextHandler - Stopped o.e.j.s.ServletContextHandler@999b951{/,null,STOPPED}
[main] INFO org.codejive.tproxy.ProxyServer - Proxy server stopped
[main] INFO org.codejive.tproxy.HttpProxy - Proxy server stopped
[main] INFO org.eclipse.jetty.server.Server - Stopped Server@77f991c{STOPPING}[11.0.24,sto=1000]
[main] INFO org.eclipse.jetty.server.Server - Shutdown Server@77f991c{STOPPING}[11.0.24,sto=1000]
[main] INFO org.eclipse.jetty.server.AbstractConnector - Stopped NetworkTrafficServerConnector@45ab3bdd{HTTP/1.1, (http/1.1, h2c)}{localhost:8080}
[main] INFO org.eclipse.jetty.server.AbstractConnector - Stopped NetworkTrafficServerConnector@64e1377c{SSL, (ssl, alpn, h2, http/1.1)}{localhost:9444}
[main] INFO org.eclipse.jetty.server.handler.ContextHandler - Stopped o.e.j.s.ServletContextHandler@4cad79bc{/,null,STOPPED}
[main] INFO org.eclipse.jetty.server.handler.ContextHandler - Stopped o.e.j.s.ServletContextHandler@4bdf{/__admin,null,STOPPED}
[main] INFO org.eclipse.jetty.server.Server - jetty-11.0.24; built: 2024-08-26T18:11:22.448Z; git: 5dfc59a691b748796f922208956bd1f2794bcd16; jvm 21.0.9+10-LTS
[main] INFO org.eclipse.jetty.server.handler.ContextHandler - Started o.e.j.s.ServletContextHandler@65f40689{/__admin,null,AVAILABLE}
[main] INFO org.eclipse.jetty.server.handler.ContextHandler.ROOT - RequestHandlerClass from context returned com.github.tomakehurst.wiremock.http.StubRequestHandler. Normalized mapped under returned 'null'
[main] INFO org.eclipse.jetty.server.handler.ContextHandler - Started o.e.j.s.ServletContextHandler@29be997f{/,null,AVAILABLE}
[main] INFO org.eclipse.jetty.server.AbstractConnector - Started NetworkTrafficServerConnector@32ec9c90{HTTP/1.1, (http/1.1, h2c)}{localhost:8080}
[main] INFO org.eclipse.jetty.util.ssl.SslContextFactory - x509=X509@23da79eb(wiremock,h=[tom akehurst],a=[],w=[]) for Server@168b4cb0[provider=null,keyStore=null,trustStore=null]
[main] INFO org.eclipse.jetty.server.AbstractConnector - Started NetworkTrafficServerConnector@5dcd0cdf{SSL, (ssl, alpn, h2, http/1.1)}{localhost:9444}
[main] INFO org.eclipse.jetty.server.Server - Started Server@6361b799{STARTING}[11.0.24,sto=1000] @7107ms
[main] INFO org.codejive.tproxy.HttpProxy - HTTPS interception enabled
[main] INFO org.codejive.tproxy.HttpProxy - Creating Certificate Authority for HTTPS interception
[main] INFO org.codejive.tproxy.CertificateAuthority - Generating new CA certificate
[main] INFO org.codejive.tproxy.CertificateAuthority - Saved CA keystore to C:\Users\tako\AppData\Local\Temp\junit9012121275573225715\tproxy-ca.p12
[main] INFO org.codejive.tproxy.CertificateAuthority - Exported CA certificate to C:\Users\tako\AppData\Local\Temp\junit9012121275573225715\tproxy-ca.crt (import this into your browser)
[main] INFO org.codejive.tproxy.CertificateAuthority - CA initialized: OU=Certificate Authority, O=TProxy, CN=TProxy CA
[main] INFO org.codejive.tproxy.ProxyServer - Using InterceptingConnectHandler for HTTPS MITM
[main] INFO org.eclipse.jetty.server.Server - jetty-11.0.24; built: 2024-08-26T18:11:22.448Z; git: 5dfc59a691b748796f922208956bd1f2794bcd16; jvm 21.0.9+10-LTS
[main] INFO org.eclipse.jetty.server.session.DefaultSessionIdManager - Session workerName=node0
[main] INFO org.eclipse.jetty.server.handler.ContextHandler - Started o.e.j.s.ServletContextHandler@65afeb6d{/,null,AVAILABLE}
[main] INFO org.eclipse.jetty.server.AbstractConnector - Started ServerConnector@46e190ed{HTTP/1.1, (http/1.1)}{127.0.0.1:8891}
[main] INFO org.eclipse.jetty.server.AbstractConnector - Started ServerConnector@485caa8f{SSL, (ssl, http/1.1)}{127.0.0.1:11580}
[main] INFO org.eclipse.jetty.server.Server - Started Server@2007435e{STARTING}[11.0.24,sto=0] @7268ms
[main] INFO org.codejive.tproxy.ProxyServer - Proxy server started on port 8891
[main] INFO org.codejive.tproxy.HttpProxy - Proxy server started on port 8891 (HTTPS interception: enabled)
[] INFO org.codejive.tproxy.HttpProxy - Executing request: GET https://localhost:9444/api/message
[main] INFO org.eclipse.jetty.server.Server - Stopped Server@2007435e{STOPPING}[11.0.24,sto=0]
[main] INFO org.eclipse.jetty.server.AbstractConnector - Stopped ServerConnector@46e190ed{HTTP/1.1, (http/1.1)}{127.0.0.1:8891}
[main] INFO org.eclipse.jetty.server.AbstractConnector - Stopped ServerConnector@485caa8f{SSL, (ssl, http/1.1)}{127.0.0.1:0}
[main] INFO org.eclipse.jetty.server.handler.ContextHandler - Stopped o.e.j.s.ServletContextHandler@65afeb6d{/,null,STOPPED}
[main] INFO org.codejive.tproxy.ProxyServer - Proxy server stopped
[main] INFO org.codejive.tproxy.HttpProxy - Proxy server stopped
[main] INFO org.eclipse.jetty.server.Server - Stopped Server@6361b799{STOPPING}[11.0.24,sto=1000]
[main] INFO org.eclipse.jetty.server.Server - Shutdown Server@6361b799{STOPPING}[11.0.24,sto=1000]
[main] INFO org.eclipse.jetty.server.AbstractConnector - Stopped NetworkTrafficServerConnector@32ec9c90{HTTP/1.1, (http/1.1, h2c)}{localhost:8080}
[main] INFO org.eclipse.jetty.server.AbstractConnector - Stopped NetworkTrafficServerConnector@5dcd0cdf{SSL, (ssl, alpn, h2, http/1.1)}{localhost:9444}
[main] INFO org.eclipse.jetty.server.handler.ContextHandler - Stopped o.e.j.s.ServletContextHandler@29be997f{/,null,STOPPED}
[main] INFO org.eclipse.jetty.server.handler.ContextHandler - Stopped o.e.j.s.ServletContextHandler@65f40689{/__admin,null,STOPPED}
[INFO] Tests run: 3, Failures: 0, Errors: 0, Skipped: 0, Time elapsed: 3.363 s -- in HTTPS Interception (MITM) Tests
[INFO] Running HTTPS Pass-through Tunneling Tests
[main] INFO org.eclipse.jetty.server.Server - jetty-11.0.24; built: 2024-08-26T18:11:22.448Z; git: 5dfc59a691b748796f922208956bd1f2794bcd16; jvm 21.0.9+10-LTS
[main] INFO org.eclipse.jetty.server.handler.ContextHandler - Started o.e.j.s.ServletContextHandler@4373f66f{/__admin,null,AVAILABLE}
[main] INFO org.eclipse.jetty.server.handler.ContextHandler.ROOT - RequestHandlerClass from context returned com.github.tomakehurst.wiremock.http.StubRequestHandler. Normalized mapped under returned 'null'
[main] INFO org.eclipse.jetty.server.handler.ContextHandler - Started o.e.j.s.ServletContextHandler@399ca607{/,null,AVAILABLE}
[main] INFO org.eclipse.jetty.server.AbstractConnector - Started NetworkTrafficServerConnector@5c887052{HTTP/1.1, (http/1.1, h2c)}{localhost:8080}
[main] INFO org.eclipse.jetty.util.ssl.SslContextFactory - x509=X509@363c32cc(wiremock,h=[tom akehurst],a=[],w=[]) for Server@6f3f0ae[provider=null,keyStore=null,trustStore=null]
[main] INFO org.eclipse.jetty.server.AbstractConnector - Started NetworkTrafficServerConnector@2b148329{SSL, (ssl, alpn, h2, http/1.1)}{localhost:9443}
[main] INFO org.eclipse.jetty.server.Server - Started Server@4087c7fc{STARTING}[11.0.24,sto=1000] @8232ms
[main] INFO org.codejive.tproxy.ProxyServer - Using standard ConnectHandler for HTTPS pass-through
[main] INFO org.eclipse.jetty.server.Server - jetty-11.0.24; built: 2024-08-26T18:11:22.448Z; git: 5dfc59a691b748796f922208956bd1f2794bcd16; jvm 21.0.9+10-LTS
[main] INFO org.eclipse.jetty.server.session.DefaultSessionIdManager - Session workerName=node0
[main] INFO org.eclipse.jetty.server.handler.ContextHandler - Started o.e.j.s.ServletContextHandler@42d6c12d{/,null,AVAILABLE}
[main] INFO org.eclipse.jetty.server.AbstractConnector - Started ServerConnector@33f17289{HTTP/1.1, (http/1.1)}{127.0.0.1:8890}
[main] INFO org.eclipse.jetty.server.Server - Started Server@3e8799f{STARTING}[11.0.24,sto=0] @8245ms
[main] INFO org.codejive.tproxy.ProxyServer - Proxy server started on port 8890
[main] INFO org.codejive.tproxy.HttpProxy - Proxy server started on port 8890 (HTTPS interception: disabled)
[main] INFO org.eclipse.jetty.server.Server - Stopped Server@3e8799f{STOPPING}[11.0.24,sto=0]
[main] INFO org.eclipse.jetty.server.AbstractConnector - Stopped ServerConnector@33f17289{HTTP/1.1, (http/1.1)}{127.0.0.1:8890}
[main] INFO org.eclipse.jetty.server.handler.ContextHandler - Stopped o.e.j.s.ServletContextHandler@42d6c12d{/,null,STOPPED}
[main] INFO org.codejive.tproxy.ProxyServer - Proxy server stopped
[main] INFO org.codejive.tproxy.HttpProxy - Proxy server stopped
[main] INFO org.eclipse.jetty.server.Server - Stopped Server@4087c7fc{STOPPING}[11.0.24,sto=1000]
[main] INFO org.eclipse.jetty.server.Server - Shutdown Server@4087c7fc{STOPPING}[11.0.24,sto=1000]
[main] INFO org.eclipse.jetty.server.AbstractConnector - Stopped NetworkTrafficServerConnector@5c887052{HTTP/1.1, (http/1.1, h2c)}{localhost:8080}
[main] INFO org.eclipse.jetty.server.AbstractConnector - Stopped NetworkTrafficServerConnector@2b148329{SSL, (ssl, alpn, h2, http/1.1)}{localhost:9443}
[main] INFO org.eclipse.jetty.server.handler.ContextHandler - Stopped o.e.j.s.ServletContextHandler@399ca607{/,null,STOPPED}
[main] INFO org.eclipse.jetty.server.handler.ContextHandler - Stopped o.e.j.s.ServletContextHandler@4373f66f{/__admin,null,STOPPED}
[main] INFO org.eclipse.jetty.server.Server - jetty-11.0.24; built: 2024-08-26T18:11:22.448Z; git: 5dfc59a691b748796f922208956bd1f2794bcd16; jvm 21.0.9+10-LTS
[main] INFO org.eclipse.jetty.server.handler.ContextHandler - Started o.e.j.s.ServletContextHandler@649f25f3{/__admin,null,AVAILABLE}
[main] INFO org.eclipse.jetty.server.handler.ContextHandler.ROOT - RequestHandlerClass from context returned com.github.tomakehurst.wiremock.http.StubRequestHandler. Normalized mapped under returned 'null'
[main] INFO org.eclipse.jetty.server.handler.ContextHandler - Started o.e.j.s.ServletContextHandler@2e62ead7{/,null,AVAILABLE}
[main] INFO org.eclipse.jetty.server.AbstractConnector - Started NetworkTrafficServerConnector@49fb0bbd{HTTP/1.1, (http/1.1, h2c)}{localhost:8080}
[main] INFO org.eclipse.jetty.util.ssl.SslContextFactory - x509=X509@60ed12e8(wiremock,h=[tom akehurst],a=[],w=[]) for Server@24c8d8be[provider=null,keyStore=null,trustStore=null]
[main] INFO org.eclipse.jetty.server.AbstractConnector - Started NetworkTrafficServerConnector@77c3c037{SSL, (ssl, alpn, h2, http/1.1)}{localhost:9443}
[main] INFO org.eclipse.jetty.server.Server - Started Server@ab24484{STARTING}[11.0.24,sto=1000] @8625ms
[main] INFO org.codejive.tproxy.ProxyServer - Using standard ConnectHandler for HTTPS pass-through
[main] INFO org.eclipse.jetty.server.Server - jetty-11.0.24; built: 2024-08-26T18:11:22.448Z; git: 5dfc59a691b748796f922208956bd1f2794bcd16; jvm 21.0.9+10-LTS
[main] INFO org.eclipse.jetty.server.session.DefaultSessionIdManager - Session workerName=node0
[main] INFO org.eclipse.jetty.server.handler.ContextHandler - Started o.e.j.s.ServletContextHandler@3fc7c734{/,null,AVAILABLE}
[main] INFO org.eclipse.jetty.server.AbstractConnector - Started ServerConnector@2bbb44da{HTTP/1.1, (http/1.1)}{127.0.0.1:8890}
[main] INFO org.eclipse.jetty.server.Server - Started Server@20d33ea{STARTING}[11.0.24,sto=0] @8638ms
[main] INFO org.codejive.tproxy.ProxyServer - Proxy server started on port 8890
[main] INFO org.codejive.tproxy.HttpProxy - Proxy server started on port 8890 (HTTPS interception: disabled)
[main] INFO org.eclipse.jetty.server.Server - Stopped Server@20d33ea{STOPPING}[11.0.24,sto=0]
[main] INFO org.eclipse.jetty.server.AbstractConnector - Stopped ServerConnector@2bbb44da{HTTP/1.1, (http/1.1)}{127.0.0.1:8890}
[main] INFO org.eclipse.jetty.server.handler.ContextHandler - Stopped o.e.j.s.ServletContextHandler@3fc7c734{/,null,STOPPED}
[main] INFO org.codejive.tproxy.ProxyServer - Proxy server stopped
[main] INFO org.codejive.tproxy.HttpProxy - Proxy server stopped
[main] INFO org.eclipse.jetty.server.Server - Stopped Server@ab24484{STOPPING}[11.0.24,sto=1000]
[main] INFO org.eclipse.jetty.server.Server - Shutdown Server@ab24484{STOPPING}[11.0.24,sto=1000]
[main] INFO org.eclipse.jetty.server.AbstractConnector - Stopped NetworkTrafficServerConnector@49fb0bbd{HTTP/1.1, (http/1.1, h2c)}{localhost:8080}
[main] INFO org.eclipse.jetty.server.AbstractConnector - Stopped NetworkTrafficServerConnector@77c3c037{SSL, (ssl, alpn, h2, http/1.1)}{localhost:9443}
[main] INFO org.eclipse.jetty.server.handler.ContextHandler - Stopped o.e.j.s.ServletContextHandler@2e62ead7{/,null,STOPPED}
[main] INFO org.eclipse.jetty.server.handler.ContextHandler - Stopped o.e.j.s.ServletContextHandler@649f25f3{/__admin,null,STOPPED}
[main] INFO org.eclipse.jetty.server.Server - jetty-11.0.24; built: 2024-08-26T18:11:22.448Z; git: 5dfc59a691b748796f922208956bd1f2794bcd16; jvm 21.0.9+10-LTS
[main] INFO org.eclipse.jetty.server.handler.ContextHandler - Started o.e.j.s.ServletContextHandler@d88f893{/__admin,null,AVAILABLE}
[main] INFO org.eclipse.jetty.server.handler.ContextHandler.ROOT - RequestHandlerClass from context returned com.github.tomakehurst.wiremock.http.StubRequestHandler. Normalized mapped under returned 'null'
[main] INFO org.eclipse.jetty.server.handler.ContextHandler - Started o.e.j.s.ServletContextHandler@259b85d6{/,null,AVAILABLE}
[main] INFO org.eclipse.jetty.server.AbstractConnector - Started NetworkTrafficServerConnector@28e0e464{HTTP/1.1, (http/1.1, h2c)}{localhost:8080}
[main] INFO org.eclipse.jetty.util.ssl.SslContextFactory - x509=X509@554188ac(wiremock,h=[tom akehurst],a=[],w=[]) for Server@1f43cab7[provider=null,keyStore=null,trustStore=null]
[main] INFO org.eclipse.jetty.server.AbstractConnector - Started NetworkTrafficServerConnector@b9d018b{SSL, (ssl, alpn, h2, http/1.1)}{localhost:9443}
[main] INFO org.eclipse.jetty.server.Server - Started Server@43ac0a68{STARTING}[11.0.24,sto=1000] @8976ms
[main] INFO org.codejive.tproxy.ProxyServer - Using standard ConnectHandler for HTTPS pass-through
[main] INFO org.eclipse.jetty.server.Server - jetty-11.0.24; built: 2024-08-26T18:11:22.448Z; git: 5dfc59a691b748796f922208956bd1f2794bcd16; jvm 21.0.9+10-LTS
[main] INFO org.eclipse.jetty.server.session.DefaultSessionIdManager - Session workerName=node0
[main] INFO org.eclipse.jetty.server.handler.ContextHandler - Started o.e.j.s.ServletContextHandler@2693c618{/,null,AVAILABLE}
[main] INFO org.eclipse.jetty.server.AbstractConnector - Started ServerConnector@2abc8034{HTTP/1.1, (http/1.1)}{127.0.0.1:8890}
[main] INFO org.eclipse.jetty.server.Server - Started Server@420cd102{STARTING}[11.0.24,sto=0] @8988ms
[main] INFO org.codejive.tproxy.ProxyServer - Proxy server started on port 8890
[main] INFO org.codejive.tproxy.HttpProxy - Proxy server started on port 8890 (HTTPS interception: disabled)
[main] INFO org.eclipse.jetty.server.Server - Stopped Server@420cd102{STOPPING}[11.0.24,sto=0]
[main] INFO org.eclipse.jetty.server.AbstractConnector - Stopped ServerConnector@2abc8034{HTTP/1.1, (http/1.1)}{127.0.0.1:8890}
[main] INFO org.eclipse.jetty.server.handler.ContextHandler - Stopped o.e.j.s.ServletContextHandler@2693c618{/,null,STOPPED}
[main] INFO org.codejive.tproxy.ProxyServer - Proxy server stopped
[main] INFO org.codejive.tproxy.HttpProxy - Proxy server stopped
[main] INFO org.eclipse.jetty.server.Server - Stopped Server@43ac0a68{STOPPING}[11.0.24,sto=1000]
[main] INFO org.eclipse.jetty.server.Server - Shutdown Server@43ac0a68{STOPPING}[11.0.24,sto=1000]
[main] INFO org.eclipse.jetty.server.AbstractConnector - Stopped NetworkTrafficServerConnector@28e0e464{HTTP/1.1, (http/1.1, h2c)}{localhost:8080}
[main] INFO org.eclipse.jetty.server.AbstractConnector - Stopped NetworkTrafficServerConnector@b9d018b{SSL, (ssl, alpn, h2, http/1.1)}{localhost:9443}
[main] INFO org.eclipse.jetty.server.handler.ContextHandler - Stopped o.e.j.s.ServletContextHandler@259b85d6{/,null,STOPPED}
[main] INFO org.eclipse.jetty.server.handler.ContextHandler - Stopped o.e.j.s.ServletContextHandler@d88f893{/__admin,null,STOPPED}
[main] INFO org.eclipse.jetty.server.Server - jetty-11.0.24; built: 2024-08-26T18:11:22.448Z; git: 5dfc59a691b748796f922208956bd1f2794bcd16; jvm 21.0.9+10-LTS
[main] INFO org.eclipse.jetty.server.handler.ContextHandler - Started o.e.j.s.ServletContextHandler@5a058be5{/__admin,null,AVAILABLE}
[main] INFO org.eclipse.jetty.server.handler.ContextHandler.ROOT - RequestHandlerClass from context returned com.github.tomakehurst.wiremock.http.StubRequestHandler. Normalized mapped under returned 'null'
[main] INFO org.eclipse.jetty.server.handler.ContextHandler - Started o.e.j.s.ServletContextHandler@4eaf7902{/,null,AVAILABLE}
[main] INFO org.eclipse.jetty.server.AbstractConnector - Started NetworkTrafficServerConnector@3f6f3cc{HTTP/1.1, (http/1.1, h2c)}{localhost:8080}
[main] INFO org.eclipse.jetty.util.ssl.SslContextFactory - x509=X509@746c411c(wiremock,h=[tom akehurst],a=[],w=[]) for Server@43ecfeb5[provider=null,keyStore=null,trustStore=null]
[main] INFO org.eclipse.jetty.server.AbstractConnector - Started NetworkTrafficServerConnector@183ade54{SSL, (ssl, alpn, h2, http/1.1)}{localhost:9443}
[main] INFO org.eclipse.jetty.server.Server - Started Server@32f32623{STARTING}[11.0.24,sto=1000] @9324ms
[main] INFO org.codejive.tproxy.ProxyServer - Using standard ConnectHandler for HTTPS pass-through
[main] INFO org.eclipse.jetty.server.Server - jetty-11.0.24; built: 2024-08-26T18:11:22.448Z; git: 5dfc59a691b748796f922208956bd1f2794bcd16; jvm 21.0.9+10-LTS
[main] INFO org.eclipse.jetty.server.session.DefaultSessionIdManager - Session workerName=node0
[main] INFO org.eclipse.jetty.server.handler.ContextHandler - Started o.e.j.s.ServletContextHandler@1536ea40{/,null,AVAILABLE}
[main] INFO org.eclipse.jetty.server.AbstractConnector - Started ServerConnector@4dadd690{HTTP/1.1, (http/1.1)}{127.0.0.1:8890}
[main] INFO org.eclipse.jetty.server.Server - Started Server@377874b4{STARTING}[11.0.24,sto=0] @9336ms
[main] INFO org.codejive.tproxy.ProxyServer - Proxy server started on port 8890
[main] INFO org.codejive.tproxy.HttpProxy - Proxy server started on port 8890 (HTTPS interception: disabled)
[main] INFO org.eclipse.jetty.server.Server - Stopped Server@377874b4{STOPPING}[11.0.24,sto=0]
[main] INFO org.eclipse.jetty.server.AbstractConnector - Stopped ServerConnector@4dadd690{HTTP/1.1, (http/1.1)}{127.0.0.1:8890}
[main] INFO org.eclipse.jetty.server.handler.ContextHandler - Stopped o.e.j.s.ServletContextHandler@1536ea40{/,null,STOPPED}
[main] INFO org.codejive.tproxy.ProxyServer - Proxy server stopped
[main] INFO org.codejive.tproxy.HttpProxy - Proxy server stopped
[main] INFO org.eclipse.jetty.server.Server - Stopped Server@32f32623{STOPPING}[11.0.24,sto=1000]
[main] INFO org.eclipse.jetty.server.Server - Shutdown Server@32f32623{STOPPING}[11.0.24,sto=1000]
[main] INFO org.eclipse.jetty.server.AbstractConnector - Stopped NetworkTrafficServerConnector@3f6f3cc{HTTP/1.1, (http/1.1, h2c)}{localhost:8080}
[main] INFO org.eclipse.jetty.server.AbstractConnector - Stopped NetworkTrafficServerConnector@183ade54{SSL, (ssl, alpn, h2, http/1.1)}{localhost:9443}
[main] INFO org.eclipse.jetty.server.handler.ContextHandler - Stopped o.e.j.s.ServletContextHandler@4eaf7902{/,null,STOPPED}
[main] INFO org.eclipse.jetty.server.handler.ContextHandler - Stopped o.e.j.s.ServletContextHandler@5a058be5{/__admin,null,STOPPED}
[INFO] Tests run: 4, Failures: 0, Errors: 0, Skipped: 0, Time elapsed: 1.435 s -- in HTTPS Pass-through Tunneling Tests
[INFO] Running Proxy Core Model Tests
[INFO] Tests run: 8, Failures: 0, Errors: 0, Skipped: 0, Time elapsed: 0.006 s -- in Proxy Core Model Tests
[INFO] 
[INFO] Results:
[INFO] 
[INFO] Tests run: 38, Failures: 0, Errors: 0, Skipped: 0
[INFO] 
[INFO] ------------------------------------------------------------------------
[INFO] BUILD SUCCESS
[INFO] ------------------------------------------------------------------------
[INFO] Total time:  13.448 s
[INFO] Finished at: 2026-04-09T17:20:34+02:00
[INFO] ------------------------------------------------------------------------
